#
# There is insufficient memory for the Java Runtime Environment to continue.
# Native memory allocation (mmap) failed to map 9437184 bytes for G1 virtual space
# Possible reasons:
#   The system is out of physical RAM or swap space
#   The process is running with CompressedOops enabled, and the Java Heap may be blocking the growth of the native heap
# Possible solutions:
#   Reduce memory load on the system
#   Increase physical memory or swap space
#   Check if swap backing store is full
#   Decrease Java heap size (-Xmx/-Xms)
#   Decrease number of Java threads
#   Decrease Java thread stack sizes (-Xss)
#   Set larger code cache with -XX:ReservedCodeCacheSize=
#   JVM is running with Unscaled Compressed Oops mode in which the Java heap is
#     placed in the first 4GB address space. The Java Heap base address is the
#     maximum limit for the native heap growth. Please use -XX:HeapBaseMinAddress
#     to set the Java Heap base and to place the Java Heap above 4GB virtual address.
# This output file may be truncated or incomplete.
#
#  Out of Memory Error (os_windows.cpp:3564), pid=27148, tid=12992
#
# JRE version: Java(TM) SE Runtime Environment (17.0.20.1+1) (build 17.0.20.1+1-LTS-4)
# Java VM: Java HotSpot(TM) 64-Bit Server VM (17.0.20.1+1-LTS-4, mixed mode, emulated-client, sharing, tiered, compressed oops, compressed class ptrs, g1 gc, windows-amd64)
# No core dump will be written. Minidumps are not enabled by default on client versions of Windows
#

---------------  S U M M A R Y ------------

Command Line: -XX:TieredStopAtLevel=1 -Dspring.output.ansi.enabled=always -Dcom.sun.management.jmxremote -Dspring.jmx.enabled=true -Dspring.liveBeansView.mbeanDomain -Dspring.application.admin.enabled=true -Dmanagement.endpoints.jmx.exposure.include=* -javaagent:D:\IntelliJ IDEA 2026.2.2\IntelliJ IDEA 2026.2.3\lib\idea_rt.jar=62180 -Dfile.encoding=UTF-8 com.example.track.TrackApplication

Host: 13th Gen Intel(R) Core(TM) i5-1334U, 12 cores, 7G,  Windows 11 , 64 bit Build 26100 (10.0.26100.9444)
Time: Mon Sep 28 11:24:28 2026 India Standard Time elapsed time: 3.078968 seconds (0d 0h 0m 3s)

---------------  T H R E A D  ---------------

Current thread (0x00000292bd9e9ae0):  VMThread "VM Thread" [stack: 0x000000f7c1f00000,0x000000f7c2000000] [id=12992]

Stack: [0x000000f7c1f00000,0x000000f7c2000000]
Native frames: (J=compiled Java code, j=interpreted, Vv=VM code, C=native code)
V  [jvm.dll+0x67f26a]
V  [jvm.dll+0x7df21b]
V  [jvm.dll+0x7e0b5e]
V  [jvm.dll+0x7e11e3]
V  [jvm.dll+0x247f0f]
V  [jvm.dll+0x67c269]
V  [jvm.dll+0x670f92]
V  [jvm.dll+0x3072b0]
V  [jvm.dll+0x307152]
V  [jvm.dll+0x30e8c6]
V  [jvm.dll+0x35e43e]
V  [jvm.dll+0x35e66d]
V  [jvm.dll+0x2de148]
V  [jvm.dll+0x2dc589]
V  [jvm.dll+0x2dbd5c]
V  [jvm.dll+0x31ea6b]
V  [jvm.dll+0x7e59eb]
V  [jvm.dll+0x7e6714]
V  [jvm.dll+0x7e6c3e]
V  [jvm.dll+0x7e7035]
V  [jvm.dll+0x7e710e]
V  [jvm.dll+0x7903ca]
V  [jvm.dll+0x67e145]
C  [ucrtbase.dll+0x2cd30]
C  [KERNEL32.DLL+0x2cd87]
C  [ntdll.dll+0xacaec]

VM_Operation (0x000000f7c19fc4c0): G1CollectForAllocation, mode: safepoint, requested by thread 0x00000292ab855f60


---------------  P R O C E S S  ---------------

Threads class SMR info:
_java_thread_list=0x0000029284fd3bc0, length=24, elements={
0x00000292ab855f60, 0x00000292bd9f3c50, 0x00000292bd9f4600, 0x00000292bda06c40,
0x00000292bda075f0, 0x00000292bda09750, 0x00000292bda0fdb0, 0x00000292bda12fc0,
0x00000292bda14150, 0x00000292bdc046d0, 0x00000292bd9d7d60, 0x00000292bd9d8270,
0x00000292bd9d8780, 0x00000292ff0b0490, 0x00000292ff0b0960, 0x00000292ff1f4ef0,
0x00000292ff339610, 0x00000292ff2f9660, 0x00000292ff35bf80, 0x0000029284175c20,
0x00000292841760f0, 0x0000029284e9a590, 0x0000029284e9aa60, 0x0000029284e97570
}

Java Threads: ( => current thread )
  0x00000292ab855f60 JavaThread "main" [_thread_blocked, id=29188, stack(0x000000f7c1900000,0x000000f7c1a00000)]
  0x00000292bd9f3c50 JavaThread "Reference Handler" daemon [_thread_blocked, id=23944, stack(0x000000f7c2000000,0x000000f7c2100000)]
  0x00000292bd9f4600 JavaThread "Finalizer" daemon [_thread_blocked, id=30104, stack(0x000000f7c2100000,0x000000f7c2200000)]
  0x00000292bda06c40 JavaThread "Signal Dispatcher" daemon [_thread_blocked, id=21192, stack(0x000000f7c2200000,0x000000f7c2300000)]
  0x00000292bda075f0 JavaThread "Attach Listener" daemon [_thread_blocked, id=27264, stack(0x000000f7c2300000,0x000000f7c2400000)]
  0x00000292bda09750 JavaThread "Service Thread" daemon [_thread_blocked, id=16232, stack(0x000000f7c2400000,0x000000f7c2500000)]
  0x00000292bda0fdb0 JavaThread "Monitor Deflation Thread" daemon [_thread_blocked, id=17692, stack(0x000000f7c2500000,0x000000f7c2600000)]
  0x00000292bda12fc0 JavaThread "C1 CompilerThread0" daemon [_thread_blocked, id=15424, stack(0x000000f7c2600000,0x000000f7c2700000)]
  0x00000292bda14150 JavaThread "Sweeper thread" daemon [_thread_blocked, id=4044, stack(0x000000f7c2700000,0x000000f7c2800000)]
  0x00000292bdc046d0 JavaThread "Common-Cleaner" daemon [_thread_blocked, id=2860, stack(0x000000f7c2800000,0x000000f7c2900000)]
  0x00000292bd9d7d60 JavaThread "C1 CompilerThread1" daemon [_thread_blocked, id=21144, stack(0x000000f7c2900000,0x000000f7c2a00000)]
  0x00000292bd9d8270 JavaThread "C1 CompilerThread2" daemon [_thread_blocked, id=25780, stack(0x000000f7c2a00000,0x000000f7c2b00000)]
  0x00000292bd9d8780 JavaThread "C1 CompilerThread3" daemon [_thread_blocked, id=29496, stack(0x000000f7c2b00000,0x000000f7c2c00000)]
  0x00000292ff0b0490 JavaThread "Monitor Ctrl-Break" daemon [_thread_in_native, id=25804, stack(0x000000f7c2c00000,0x000000f7c2d00000)]
  0x00000292ff0b0960 JavaThread "Notification Thread" daemon [_thread_blocked, id=18648, stack(0x000000f7c2d00000,0x000000f7c2e00000)]
  0x00000292ff1f4ef0 JavaThread "RMI TCP Accept-0" daemon [_thread_in_native, id=24708, stack(0x000000f7c2e00000,0x000000f7c2f00000)]
  0x00000292ff339610 JavaThread "RMI TCP Connection(1)-172.17.27.164" daemon [_thread_in_native, id=15500, stack(0x000000f7c2f00000,0x000000f7c3000000)]
  0x00000292ff2f9660 JavaThread "RMI Scheduler(0)" daemon [_thread_blocked, id=26284, stack(0x000000f7c3100000,0x000000f7c3200000)]
  0x00000292ff35bf80 JavaThread "JMX server connection timeout 20" daemon [_thread_blocked, id=5080, stack(0x000000f7c3200000,0x000000f7c3300000)]
  0x0000029284175c20 JavaThread "RMI TCP Connection(2)-172.17.27.164" daemon [_thread_in_native, id=7340, stack(0x000000f7c3c00000,0x000000f7c3d00000)]
  0x00000292841760f0 JavaThread "Catalina-utility-1" [_thread_blocked, id=10364, stack(0x000000f7c3e00000,0x000000f7c3f00000)]
  0x0000029284e9a590 JavaThread "Catalina-utility-2" [_thread_blocked, id=10140, stack(0x000000f7c4000000,0x000000f7c4100000)]
  0x0000029284e9aa60 JavaThread "container-0" [_thread_blocked, id=11696, stack(0x000000f7c4100000,0x000000f7c4200000)]
  0x0000029284e97570 JavaThread "mysql-cj-abandoned-connection-cleanup" daemon [_thread_blocked, id=10996, stack(0x000000f7c4200000,0x000000f7c4300000)]

Other Threads:
=>0x00000292bd9e9ae0 VMThread "VM Thread" [stack: 0x000000f7c1f00000,0x000000f7c2000000] [id=12992]
  0x00000292ab90b9f0 WatcherThread [stack: 0x000000f7c3000000,0x000000f7c3100000] [id=23872]
  0x00000292ab8ae440 GCTaskThread "GC Thread#0" [stack: 0x000000f7c1a00000,0x000000f7c1b00000] [id=4916]
  0x00000292ff635840 GCTaskThread "GC Thread#1" [stack: 0x000000f7c3300000,0x000000f7c3400000] [id=14656]
  0x00000292ff6eb830 GCTaskThread "GC Thread#2" [stack: 0x000000f7c3400000,0x000000f7c3500000] [id=25216]
  0x00000292ff725480 GCTaskThread "GC Thread#3" [stack: 0x000000f7c3500000,0x000000f7c3600000] [id=31564]
  0x00000292ff6c5040 GCTaskThread "GC Thread#4" [stack: 0x000000f7c3600000,0x000000f7c3700000] [id=11392]
  0x00000292ff657150 GCTaskThread "GC Thread#5" [stack: 0x000000f7c3700000,0x000000f7c3800000] [id=16944]
  0x00000292ff7006c0 GCTaskThread "GC Thread#6" [stack: 0x000000f7c3800000,0x000000f7c3900000] [id=7588]
  0x00000292ff700980 GCTaskThread "GC Thread#7" [stack: 0x000000f7c3900000,0x000000f7c3a00000] [id=21780]
  0x00000292ff72e6d0 GCTaskThread "GC Thread#8" [stack: 0x000000f7c3a00000,0x000000f7c3b00000] [id=29552]
  0x00000292ff72e990 GCTaskThread "GC Thread#9" [stack: 0x000000f7c3b00000,0x000000f7c3c00000] [id=13004]
  0x00000292ab8be890 ConcurrentGCThread "G1 Main Marker" [stack: 0x000000f7c1b00000,0x000000f7c1c00000] [id=17716]
  0x00000292ab8c07e0 ConcurrentGCThread "G1 Conc#0" [stack: 0x000000f7c1c00000,0x000000f7c1d00000] [id=30072]
  0x00000292849b05e0 ConcurrentGCThread "G1 Conc#1" [stack: 0x000000f7c3d00000,0x000000f7c3e00000] [id=15384]
  0x0000029284903c50 ConcurrentGCThread "G1 Conc#2" [stack: 0x000000f7c3f00000,0x000000f7c4000000] [id=30728]
  0x00000292bd882650 ConcurrentGCThread "G1 Refine#0" [stack: 0x000000f7c1d00000,0x000000f7c1e00000] [id=30832]
  0x00000292bd883f30 ConcurrentGCThread "G1 Service" [stack: 0x000000f7c1e00000,0x000000f7c1f00000] [id=6796]

Threads with active compile tasks:

VM state: at safepoint (normal execution)

VM Mutex/Monitor currently owned by a thread:  ([mutex/lock_event])
[0x00000292ab850cf0] Threads_lock - owner thread: 0x00000292bd9e9ae0
[0x00000292ab850480] Heap_lock - owner thread: 0x00000292ab855f60

Heap address: 0x0000000085800000, size: 1960 MB, Compressed Oops mode: 32-bit

CDS archive(s) mapped at: [0x00000292be000000-0x00000292bebd0000-0x00000292bebd0000), size 12386304, SharedBaseAddress: 0x00000292be000000, ArchiveRelocationMode: 1.
Compressed class space mapped at: 0x00000292bf000000-0x00000292ff000000, reserved size: 1073741824
Narrow klass base: 0x00000292be000000, Narrow klass shift: 0, Narrow klass range: 0x100000000

GC Precious Log:
 CPUs: 12 total, 12 available
 Memory: 7835M
 Large Page Support: Disabled
 NUMA Support: Disabled
 Compressed Oops: Enabled (32-bit)
 Heap Region Size: 1M
 Heap Min Capacity: 8M
 Heap Initial Capacity: 124M
 Heap Max Capacity: 1960M
 Pre-touch: Disabled
 Parallel Workers: 10
 Concurrent Workers: 3
 Concurrent Refinement Workers: 10
 Periodic GC: Disabled

Heap:
 garbage-first heap   total 86016K, used 19158K [0x0000000085800000, 0x0000000100000000)
  region size 1024K, 2 young (2048K), 2 survivors (2048K)
 Metaspace       used 31490K, committed 32064K, reserved 1114112K
  class space    used 4481K, committed 4736K, reserved 1048576K

Heap Regions: E=young(eden), S=young(survivor), O=old, HS=humongous(starts), HC=humongous(continues), CS=collection set, F=free, OA=open archive, CA=closed archive, TAMS=top-at-mark-start (previous, next)
|   0|0x0000000085800000, 0x0000000085900000, 0x0000000085900000|100%|HS|  |TAMS 0x0000000085900000, 0x0000000085800000| Complete 
|   1|0x0000000085900000, 0x0000000085a00000, 0x0000000085a00000|100%| O|  |TAMS 0x0000000085a00000, 0x0000000085900000| Untracked 
|   2|0x0000000085a00000, 0x0000000085b00000, 0x0000000085b00000|100%| O|  |TAMS 0x0000000085b00000, 0x0000000085a00000| Untracked 
|   3|0x0000000085b00000, 0x0000000085c00000, 0x0000000085c00000|100%| O|  |TAMS 0x0000000085c00000, 0x0000000085b00000| Untracked 
|   4|0x0000000085c00000, 0x0000000085d00000, 0x0000000085d00000|100%| O|  |TAMS 0x0000000085d00000, 0x0000000085c00000| Untracked 
|   5|0x0000000085d00000, 0x0000000085e00000, 0x0000000085e00000|100%| O|  |TAMS 0x0000000085e00000, 0x0000000085d00000| Untracked 
|   6|0x0000000085e00000, 0x0000000085f00000, 0x0000000085f00000|100%| O|  |TAMS 0x0000000085f00000, 0x0000000085e00000| Untracked 
|   7|0x0000000085f00000, 0x0000000086000000, 0x0000000086000000|100%| O|  |TAMS 0x0000000085f00000, 0x0000000085f00000| Untracked 
|   8|0x0000000086000000, 0x0000000086100000, 0x0000000086100000|100%| O|  |TAMS 0x0000000086000000, 0x0000000086000000| Untracked 
|   9|0x0000000086100000, 0x0000000086200000, 0x0000000086200000|100%| O|  |TAMS 0x0000000086100000, 0x0000000086100000| Untracked 
|  10|0x0000000086200000, 0x0000000086300000, 0x0000000086300000|100%| O|  |TAMS 0x0000000086200000, 0x0000000086200000| Untracked 
|  11|0x0000000086300000, 0x0000000086400000, 0x0000000086400000|100%| O|  |TAMS 0x0000000086300000, 0x0000000086300000| Untracked 
|  12|0x0000000086400000, 0x00000000864ff800, 0x0000000086500000| 99%| O|  |TAMS 0x0000000086400000, 0x0000000086400000| Untracked 
|  13|0x0000000086500000, 0x0000000086500000, 0x0000000086600000|  0%| F|  |TAMS 0x0000000086500000, 0x0000000086500000| Untracked 
|  14|0x0000000086600000, 0x0000000086600000, 0x0000000086700000|  0%| F|  |TAMS 0x0000000086600000, 0x0000000086600000| Untracked 
|  15|0x0000000086700000, 0x0000000086700000, 0x0000000086800000|  0%| F|  |TAMS 0x0000000086700000, 0x0000000086700000| Untracked 
|  16|0x0000000086800000, 0x0000000086800000, 0x0000000086900000|  0%| F|  |TAMS 0x0000000086800000, 0x0000000086800000| Untracked 
|  17|0x0000000086900000, 0x0000000086900000, 0x0000000086a00000|  0%| F|  |TAMS 0x0000000086900000, 0x0000000086900000| Untracked 
|  18|0x0000000086a00000, 0x0000000086b00000, 0x0000000086b00000|100%| O|  |TAMS 0x0000000086a00000, 0x0000000086a00000| Untracked 
|  19|0x0000000086b00000, 0x0000000086c00000, 0x0000000086c00000|100%| O|  |TAMS 0x0000000086b00000, 0x0000000086b00000| Untracked 
|  20|0x0000000086c00000, 0x0000000086d00000, 0x0000000086d00000|100%| O|  |TAMS 0x0000000086c00000, 0x0000000086c00000| Untracked 
|  21|0x0000000086d00000, 0x0000000086e00000, 0x0000000086e00000|100%| O|  |TAMS 0x0000000086d00000, 0x0000000086d00000| Untracked 
|  22|0x0000000086e00000, 0x0000000086e00000, 0x0000000086f00000|  0%| F|  |TAMS 0x0000000086e00000, 0x0000000086e00000| Untracked 
|  23|0x0000000086f00000, 0x0000000086f00000, 0x0000000087000000|  0%| F|  |TAMS 0x0000000086f00000, 0x0000000086f00000| Untracked 
|  24|0x0000000087000000, 0x0000000087000000, 0x0000000087100000|  0%| F|  |TAMS 0x0000000087000000, 0x0000000087000000| Untracked 
|  25|0x0000000087100000, 0x0000000087100000, 0x0000000087200000|  0%| F|  |TAMS 0x0000000087100000, 0x0000000087100000| Untracked 
|  26|0x0000000087200000, 0x0000000087200000, 0x0000000087300000|  0%| F|  |TAMS 0x0000000087200000, 0x0000000087200000| Untracked 
|  27|0x0000000087300000, 0x00000000873b60f0, 0x0000000087400000| 71%| S|CS|TAMS 0x0000000087300000, 0x0000000087300000| Complete 
|  28|0x0000000087400000, 0x0000000087400000, 0x0000000087500000|  0%| F|  |TAMS 0x0000000087400000, 0x0000000087400000| Untracked 
|  29|0x0000000087500000, 0x0000000087600000, 0x0000000087600000|100%| S|CS|TAMS 0x0000000087500000, 0x0000000087500000| Complete 
|  30|0x0000000087600000, 0x0000000087600000, 0x0000000087700000|  0%| F|  |TAMS 0x0000000087600000, 0x0000000087600000| Untracked 
|  31|0x0000000087700000, 0x0000000087700000, 0x0000000087800000|  0%| F|  |TAMS 0x0000000087700000, 0x0000000087700000| Untracked 
|  32|0x0000000087800000, 0x0000000087800000, 0x0000000087900000|  0%| F|  |TAMS 0x0000000087800000, 0x0000000087800000| Untracked 
|  33|0x0000000087900000, 0x0000000087900000, 0x0000000087a00000|  0%| F|  |TAMS 0x0000000087900000, 0x0000000087900000| Untracked 
|  34|0x0000000087a00000, 0x0000000087a00000, 0x0000000087b00000|  0%| F|  |TAMS 0x0000000087a00000, 0x0000000087a00000| Untracked 
|  35|0x0000000087b00000, 0x0000000087b00000, 0x0000000087c00000|  0%| F|  |TAMS 0x0000000087b00000, 0x0000000087b00000| Untracked 
|  36|0x0000000087c00000, 0x0000000087c00000, 0x0000000087d00000|  0%| F|  |TAMS 0x0000000087c00000, 0x0000000087c00000| Untracked 
|  37|0x0000000087d00000, 0x0000000087d00000, 0x0000000087e00000|  0%| F|  |TAMS 0x0000000087d00000, 0x0000000087d00000| Untracked 
|  38|0x0000000087e00000, 0x0000000087e00000, 0x0000000087f00000|  0%| F|  |TAMS 0x0000000087e00000, 0x0000000087e00000| Untracked 
|  39|0x0000000087f00000, 0x0000000087f00000, 0x0000000088000000|  0%| F|  |TAMS 0x0000000087f00000, 0x0000000087f00000| Untracked 
|  40|0x0000000088000000, 0x0000000088000000, 0x0000000088100000|  0%| F|  |TAMS 0x0000000088000000, 0x0000000088000000| Untracked 
|  41|0x0000000088100000, 0x0000000088100000, 0x0000000088200000|  0%| F|  |TAMS 0x0000000088100000, 0x0000000088100000| Untracked 
|  42|0x0000000088200000, 0x0000000088200000, 0x0000000088300000|  0%| F|  |TAMS 0x0000000088200000, 0x0000000088200000| Untracked 
|  43|0x0000000088300000, 0x0000000088300000, 0x0000000088400000|  0%| F|  |TAMS 0x0000000088300000, 0x0000000088300000| Untracked 
|  44|0x0000000088400000, 0x0000000088400000, 0x0000000088500000|  0%| F|  |TAMS 0x0000000088400000, 0x0000000088400000| Untracked 
|  45|0x0000000088500000, 0x0000000088500000, 0x0000000088600000|  0%| F|  |TAMS 0x0000000088500000, 0x0000000088500000| Untracked 
|  46|0x0000000088600000, 0x0000000088600000, 0x0000000088700000|  0%| F|  |TAMS 0x0000000088600000, 0x0000000088600000| Untracked 
|  47|0x0000000088700000, 0x0000000088700000, 0x0000000088800000|  0%| F|  |TAMS 0x0000000088700000, 0x0000000088700000| Untracked 
|  48|0x0000000088800000, 0x0000000088800000, 0x0000000088900000|  0%| F|  |TAMS 0x0000000088800000, 0x0000000088800000| Untracked 
|  49|0x0000000088900000, 0x0000000088900000, 0x0000000088a00000|  0%| F|  |TAMS 0x0000000088900000, 0x0000000088900000| Untracked 
|  50|0x0000000088a00000, 0x0000000088a00000, 0x0000000088b00000|  0%| F|  |TAMS 0x0000000088a00000, 0x0000000088a00000| Untracked 
|  51|0x0000000088b00000, 0x0000000088b00000, 0x0000000088c00000|  0%| F|  |TAMS 0x0000000088b00000, 0x0000000088b00000| Untracked 
|  52|0x0000000088c00000, 0x0000000088c00000, 0x0000000088d00000|  0%| F|  |TAMS 0x0000000088c00000, 0x0000000088c00000| Untracked 
|  53|0x0000000088d00000, 0x0000000088d00000, 0x0000000088e00000|  0%| F|  |TAMS 0x0000000088d00000, 0x0000000088d00000| Untracked 
|  54|0x0000000088e00000, 0x0000000088e00000, 0x0000000088f00000|  0%| F|  |TAMS 0x0000000088e00000, 0x0000000088e00000| Untracked 
|  55|0x0000000088f00000, 0x0000000088f00000, 0x0000000089000000|  0%| F|  |TAMS 0x0000000088f00000, 0x0000000088f00000| Untracked 
|  56|0x0000000089000000, 0x0000000089000000, 0x0000000089100000|  0%| F|  |TAMS 0x0000000089000000, 0x0000000089000000| Untracked 
|  57|0x0000000089100000, 0x0000000089100000, 0x0000000089200000|  0%| F|  |TAMS 0x0000000089100000, 0x0000000089100000| Untracked 
|  58|0x0000000089200000, 0x0000000089200000, 0x0000000089300000|  0%| F|  |TAMS 0x0000000089200000, 0x0000000089200000| Untracked 
|  59|0x0000000089300000, 0x0000000089300000, 0x0000000089400000|  0%| F|  |TAMS 0x0000000089300000, 0x0000000089300000| Untracked 
|  60|0x0000000089400000, 0x0000000089400000, 0x0000000089500000|  0%| F|  |TAMS 0x0000000089400000, 0x0000000089400000| Untracked 
|  61|0x0000000089500000, 0x0000000089500000, 0x0000000089600000|  0%| F|  |TAMS 0x0000000089500000, 0x0000000089500000| Untracked 
|  62|0x0000000089600000, 0x0000000089600000, 0x0000000089700000|  0%| F|  |TAMS 0x0000000089600000, 0x0000000089600000| Untracked 
|  63|0x0000000089700000, 0x0000000089700000, 0x0000000089800000|  0%| F|  |TAMS 0x0000000089700000, 0x0000000089700000| Untracked 
|  64|0x0000000089800000, 0x0000000089800000, 0x0000000089900000|  0%| F|  |TAMS 0x0000000089800000, 0x0000000089800000| Untracked 
|  65|0x0000000089900000, 0x0000000089900000, 0x0000000089a00000|  0%| F|  |TAMS 0x0000000089900000, 0x0000000089900000| Untracked 
|  66|0x0000000089a00000, 0x0000000089a00000, 0x0000000089b00000|  0%| F|  |TAMS 0x0000000089a00000, 0x0000000089a00000| Untracked 
|  67|0x0000000089b00000, 0x0000000089b00000, 0x0000000089c00000|  0%| F|  |TAMS 0x0000000089b00000, 0x0000000089b00000| Untracked 
|  68|0x0000000089c00000, 0x0000000089c00000, 0x0000000089d00000|  0%| F|  |TAMS 0x0000000089c00000, 0x0000000089c00000| Untracked 
|  69|0x0000000089d00000, 0x0000000089d00000, 0x0000000089e00000|  0%| F|  |TAMS 0x0000000089d00000, 0x0000000089d00000| Untracked 
|  70|0x0000000089e00000, 0x0000000089e00000, 0x0000000089f00000|  0%| F|  |TAMS 0x0000000089e00000, 0x0000000089e00000| Untracked 
|  71|0x0000000089f00000, 0x0000000089f00000, 0x000000008a000000|  0%| F|  |TAMS 0x0000000089f00000, 0x0000000089f00000| Untracked 
|  72|0x000000008a000000, 0x000000008a000000, 0x000000008a100000|  0%| F|  |TAMS 0x000000008a000000, 0x000000008a000000| Untracked 
|  73|0x000000008a100000, 0x000000008a100000, 0x000000008a200000|  0%| F|  |TAMS 0x000000008a100000, 0x000000008a100000| Untracked 
|  74|0x000000008a200000, 0x000000008a200000, 0x000000008a300000|  0%| F|  |TAMS 0x000000008a200000, 0x000000008a200000| Untracked 
|  75|0x000000008a300000, 0x000000008a300000, 0x000000008a400000|  0%| F|  |TAMS 0x000000008a300000, 0x000000008a300000| Untracked 
|  76|0x000000008a400000, 0x000000008a400000, 0x000000008a500000|  0%| F|  |TAMS 0x000000008a400000, 0x000000008a400000| Untracked 
|  77|0x000000008a500000, 0x000000008a500000, 0x000000008a600000|  0%| F|  |TAMS 0x000000008a500000, 0x000000008a500000| Untracked 
|  78|0x000000008a600000, 0x000000008a600000, 0x000000008a700000|  0%| F|  |TAMS 0x000000008a600000, 0x000000008a600000| Untracked 
|  79|0x000000008a700000, 0x000000008a700000, 0x000000008a800000|  0%| F|  |TAMS 0x000000008a700000, 0x000000008a700000| Untracked 
|  80|0x000000008a800000, 0x000000008a800000, 0x000000008a900000|  0%| F|  |TAMS 0x000000008a800000, 0x000000008a800000| Untracked 
|  81|0x000000008a900000, 0x000000008a900000, 0x000000008aa00000|  0%| F|  |TAMS 0x000000008a900000, 0x000000008a900000| Untracked 
|  82|0x000000008aa00000, 0x000000008aa00000, 0x000000008ab00000|  0%| F|  |TAMS 0x000000008aa00000, 0x000000008aa00000| Untracked 
| 123|0x000000008d300000, 0x000000008d300000, 0x000000008d400000|  0%| F|  |TAMS 0x000000008d300000, 0x000000008d300000| Untracked 

Card table byte_map: [0x00000292b6880000,0x00000292b6c60000] _byte_map_base: 0x00000292b6454000

Marking Bits (Prev, Next): (CMBitMap*) 0x00000292ab8aeaa0, (CMBitMap*) 0x00000292ab8aea60
 Prev Bits: [0x00000292b8ee0000, 0x00000292bad80000)
 Next Bits: [0x00000292b7040000, 0x00000292b8ee0000)

Polling page: 0x00000292a9780000

Metaspace:

Usage:
  Non-class:     26.38 MB used.
      Class:      4.38 MB used.
       Both:     30.75 MB used.

Virtual space:
  Non-class space:       64.00 MB reserved,      26.69 MB ( 42%) committed,  1 nodes.
      Class space:        1.00 GB reserved,       4.62 MB ( <1%) committed,  1 nodes.
             Both:        1.06 GB reserved,      31.31 MB (  3%) committed. 

Chunk freelists:
   Non-Class:  5.17 MB
       Class:  11.36 MB
        Both:  16.53 MB

MaxMetaspaceSize: unlimited
CompressedClassSpaceSize: 1.00 GB
Initial GC threshold: 21.00 MB
Current GC threshold: 35.12 MB
CDS: on
MetaspaceReclaimPolicy: balanced
 - commit_granule_bytes: 65536.
 - commit_granule_words: 8192.
 - virtual_space_node_default_size: 8388608.
 - enlarge_chunks_in_place: 1.
 - new_chunks_are_fully_committed: 0.
 - uncommit_free_chunks: 1.
 - use_allocation_guard: 0.
 - handle_deallocations: 1.


Internal statistics:

num_allocs_failed_limit: 3.
num_arena_births: 676.
num_arena_deaths: 0.
num_vsnodes_births: 2.
num_vsnodes_deaths: 0.
num_space_committed: 501.
num_space_uncommitted: 0.
num_chunks_returned_to_freelist: 3.
num_chunks_taken_from_freelist: 1863.
num_chunk_merges: 3.
num_chunk_splits: 1231.
num_chunks_enlarged: 873.
num_inconsistent_stats: 0.

CodeCache: size=49152Kb used=8742Kb max_used=8742Kb free=40409Kb
 bounds [0x00000292b3170000, 0x00000292b3a00000, 0x00000292b6170000]
 total_blobs=4378 nmethods=3838 adapters=463
 compilation: enabled
              stopped_count=0, restarted_count=0
 full_count=0

Compilation events (20 events):
Event: 3.042 Thread 0x00000292bd9d8780 3829       1       org.springframework.core.convert.support.GenericConversionService$Converters::addToClassHierarchy (30 bytes)
Event: 3.042 Thread 0x00000292bd9d8270 3830       1       java.util.concurrent.atomic.AtomicBoolean::compareAndSet (26 bytes)
Event: 3.042 Thread 0x00000292bd9d8780 nmethod 3829 0x00000292b39f6990 code [0x00000292b39f6b40, 0x00000292b39f6ce8]
Event: 3.042 Thread 0x00000292bd9d8780 3831       1       org.springframework.boot.context.properties.source.SoftReferenceConfigurationPropertyCache$ActiveCacheOverride::close (21 bytes)
Event: 3.042 Thread 0x00000292bd9d7d60 3832       1       org.springframework.boot.context.properties.source.SoftReferenceConfigurationPropertyCache::restore (17 bytes)
Event: 3.042 Thread 0x00000292bd9d7d60 nmethod 3832 0x00000292b39f6e10 code [0x00000292b39f6fa0, 0x00000292b39f7118]
Event: 3.042 Thread 0x00000292bd9d8270 nmethod 3830 0x00000292b39f7190 code [0x00000292b39f7340, 0x00000292b39f7578]
Event: 3.042 Thread 0x00000292bd9d8270 3833       1       org.springframework.boot.context.properties.bind.AbstractBindHandler::onFinish (15 bytes)
Event: 3.042 Thread 0x00000292bd9d8780 nmethod 3831 0x00000292b39f7690 code [0x00000292b39f7860, 0x00000292b39f7c08]
Event: 3.042 Thread 0x00000292bd9d8270 nmethod 3833 0x00000292b39f7e10 code [0x00000292b39f7fa0, 0x00000292b39f8088]
Event: 3.052 Thread 0x00000292bd9d8270 3834       1       org.springframework.beans.factory.support.DefaultSingletonBeanRegistry::isSingletonCurrentlyInCreation (11 bytes)
Event: 3.052 Thread 0x00000292bd9d8270 nmethod 3834 0x00000292b39f8110 code [0x00000292b39f82a0, 0x00000292b39f8388]
Event: 3.052 Thread 0x00000292bda12fc0 3835       1       org.springframework.core.annotation.AnnotatedElementAdapter::isEmpty (13 bytes)
Event: 3.052 Thread 0x00000292bda12fc0 nmethod 3835 0x00000292b39f8410 code [0x00000292b39f85a0, 0x00000292b39f8678]
Event: 3.054 Thread 0x00000292bd9d7d60 3836       1       org.springframework.core.MethodParameter::getNestedParameterType (138 bytes)
Event: 3.054 Thread 0x00000292bda12fc0 3837       1       org.springframework.beans.factory.support.DefaultListableBeanFactory::getAutowireCandidateResolver (5 bytes)
Event: 3.054 Thread 0x00000292bd9d8780 3838       1       org.springframework.core.annotation.AnnotatedElementAdapter::getAnnotations (25 bytes)
Event: 3.054 Thread 0x00000292bda12fc0 nmethod 3837 0x00000292b39f8710 code [0x00000292b39f88a0, 0x00000292b39f8978]
Event: 3.054 Thread 0x00000292bd9d8780 nmethod 3838 0x00000292b39f8a10 code [0x00000292b39f8bc0, 0x00000292b39f8d48]
Event: 3.054 Thread 0x00000292bd9d7d60 nmethod 3836 0x00000292b39f8e10 code [0x00000292b39f9060, 0x00000292b39f9728]

GC Heap History (15 events):
Event: 0.714 GC heap before
{Heap before GC invocations=0 (full 0):
 garbage-first heap   total 126976K, used 24576K [0x0000000085800000, 0x0000000100000000)
  region size 1024K, 23 young (23552K), 0 survivors (0K)
 Metaspace       used 7711K, committed 8000K, reserved 1114112K
  class space    used 987K, committed 1152K, reserved 1048576K
}
Event: 0.720 GC heap after
{Heap after GC invocations=1 (full 0):
 garbage-first heap   total 126976K, used 7768K [0x0000000085800000, 0x0000000100000000)
  region size 1024K, 3 young (3072K), 3 survivors (3072K)
 Metaspace       used 7711K, committed 8000K, reserved 1114112K
  class space    used 987K, committed 1152K, reserved 1048576K
}
Event: 1.243 GC heap before
{Heap before GC invocations=1 (full 0):
 garbage-first heap   total 126976K, used 31320K [0x0000000085800000, 0x0000000100000000)
  region size 1024K, 27 young (27648K), 3 survivors (3072K)
 Metaspace       used 12768K, committed 13120K, reserved 1114112K
  class space    used 1772K, committed 1920K, reserved 1048576K
}
Event: 1.247 GC heap after
{Heap after GC invocations=2 (full 0):
 garbage-first heap   total 126976K, used 10045K [0x0000000085800000, 0x0000000100000000)
  region size 1024K, 2 young (2048K), 2 survivors (2048K)
 Metaspace       used 12768K, committed 13120K, reserved 1114112K
  class space    used 1772K, committed 1920K, reserved 1048576K
}
Event: 1.661 GC heap before
{Heap before GC invocations=2 (full 0):
 garbage-first heap   total 126976K, used 47933K [0x0000000085800000, 0x0000000100000000)
  region size 1024K, 41 young (41984K), 2 survivors (2048K)
 Metaspace       used 21062K, committed 21504K, reserved 1114112K
  class space    used 2855K, committed 3072K, reserved 1048576K
}
Event: 1.667 GC heap after
{Heap after GC invocations=3 (full 0):
 garbage-first heap   total 126976K, used 12870K [0x0000000085800000, 0x0000000100000000)
  region size 1024K, 5 young (5120K), 5 survivors (5120K)
 Metaspace       used 21062K, committed 21504K, reserved 1114112K
  class space    used 2855K, committed 3072K, reserved 1048576K
}
Event: 1.969 GC heap before
{Heap before GC invocations=4 (full 0):
 garbage-first heap   total 48128K, used 36422K [0x0000000085800000, 0x0000000100000000)
  region size 1024K, 29 young (29696K), 5 survivors (5120K)
 Metaspace       used 23531K, committed 23936K, reserved 1114112K
  class space    used 3304K, committed 3520K, reserved 1048576K
}
Event: 1.975 GC heap after
{Heap after GC invocations=5 (full 0):
 garbage-first heap   total 48128K, used 14681K [0x0000000085800000, 0x0000000100000000)
  region size 1024K, 7 young (7168K), 7 survivors (7168K)
 Metaspace       used 23531K, committed 23936K, reserved 1114112K
  class space    used 3304K, committed 3520K, reserved 1048576K
}
Event: 1.995 GC heap before
{Heap before GC invocations=5 (full 0):
 garbage-first heap   total 48128K, used 15705K [0x0000000085800000, 0x0000000100000000)
  region size 1024K, 8 young (8192K), 7 survivors (7168K)
 Metaspace       used 23633K, committed 24064K, reserved 1114112K
  class space    used 3317K, committed 3520K, reserved 1048576K
}
Event: 2.003 GC heap after
{Heap after GC invocations=6 (full 0):
 garbage-first heap   total 48128K, used 14799K [0x0000000085800000, 0x0000000100000000)
  region size 1024K, 1 young (1024K), 1 survivors (1024K)
 Metaspace       used 23633K, committed 24064K, reserved 1114112K
  class space    used 3317K, committed 3520K, reserved 1048576K
}
Event: 2.372 GC heap before
{Heap before GC invocations=6 (full 0):
 garbage-first heap   total 48128K, used 33231K [0x0000000085800000, 0x0000000100000000)
  region size 1024K, 19 young (19456K), 1 survivors (1024K)
 Metaspace       used 26212K, committed 26624K, reserved 1114112K
  class space    used 3705K, committed 3904K, reserved 1048576K
}
Event: 2.376 GC heap after
{Heap after GC invocations=7 (full 0):
 garbage-first heap   total 48128K, used 15383K [0x0000000085800000, 0x0000000100000000)
  region size 1024K, 2 young (2048K), 2 survivors (2048K)
 Metaspace       used 26212K, committed 26624K, reserved 1114112K
  class space    used 3705K, committed 3904K, reserved 1048576K
}
Event: 2.616 GC heap before
{Heap before GC invocations=7 (full 0):
 garbage-first heap   total 48128K, used 33815K [0x0000000085800000, 0x0000000100000000)
  region size 1024K, 20 young (20480K), 2 survivors (2048K)
 Metaspace       used 28482K, committed 28928K, reserved 1114112K
  class space    used 4064K, committed 4288K, reserved 1048576K
}
Event: 2.622 GC heap after
{Heap after GC invocations=8 (full 0):
 garbage-first heap   total 48128K, used 17408K [0x0000000085800000, 0x0000000100000000)
  region size 1024K, 3 young (3072K), 3 survivors (3072K)
 Metaspace       used 28482K, committed 28928K, reserved 1114112K
  class space    used 4064K, committed 4288K, reserved 1048576K
}
Event: 3.073 GC heap before
{Heap before GC invocations=8 (full 0):
 garbage-first heap   total 48128K, used 33792K [0x0000000085800000, 0x0000000100000000)
  region size 1024K, 20 young (20480K), 3 survivors (3072K)
 Metaspace       used 31490K, committed 32064K, reserved 1114112K
  class space    used 4481K, committed 4736K, reserved 1048576K
}

Deoptimization events (0 events):
No events

Classes unloaded (0 events):
No events

Classes redefined (0 events):
No events

Internal exceptions (20 events):
Event: 2.624 Thread 0x00000292ab855f60 Exception <a 'java/lang/IncompatibleClassChangeError'{0x000000008d32b578}: Found class java.lang.Object, but interface was expected> (0x000000008d32b578) 
thrown [s\open\src\hotspot\share\interpreter\linkResolver.cpp, line 826]
Event: 2.625 Thread 0x00000292ab855f60 Exception <a 'java/lang/IncompatibleClassChangeError'{0x000000008d339540}: Found class java.lang.Object, but interface was expected> (0x000000008d339540) 
thrown [s\open\src\hotspot\share\interpreter\linkResolver.cpp, line 826]
Event: 2.626 Thread 0x00000292ab855f60 Exception <a 'java/lang/IncompatibleClassChangeError'{0x000000008d353ef0}: Found class java.lang.Object, but interface was expected> (0x000000008d353ef0) 
thrown [s\open\src\hotspot\share\interpreter\linkResolver.cpp, line 826]
Event: 2.626 Thread 0x00000292ab855f60 Exception <a 'java/lang/IncompatibleClassChangeError'{0x000000008d35aa58}: Found class java.lang.Object, but interface was expected> (0x000000008d35aa58) 
thrown [s\open\src\hotspot\share\interpreter\linkResolver.cpp, line 826]
Event: 2.626 Thread 0x00000292ab855f60 Exception <a 'java/lang/NoSuchMethodError'{0x000000008d36b688}: 'int java.lang.invoke.DirectMethodHandle$Holder.invokeSpecialIFC(java.lang.Object, java.lang.Object, java.lang.Object)'> (0x000000008d36b688) 
thrown [s\open\src\hotspot\share\interpreter\linkResolver.cpp, line 759]
Event: 2.627 Thread 0x00000292ab855f60 Exception <a 'java/lang/IncompatibleClassChangeError'{0x000000008d371360}: Found class java.lang.Object, but interface was expected> (0x000000008d371360) 
thrown [s\open\src\hotspot\share\interpreter\linkResolver.cpp, line 826]
Event: 2.627 Thread 0x00000292ab855f60 Exception <a 'java/lang/IncompatibleClassChangeError'{0x000000008d3782c0}: Found class java.lang.Object, but interface was expected> (0x000000008d3782c0) 
thrown [s\open\src\hotspot\share\interpreter\linkResolver.cpp, line 826]
Event: 2.627 Thread 0x00000292ab855f60 Exception <a 'java/lang/IncompatibleClassChangeError'{0x000000008d383258}: Found class java.lang.Object, but interface was expected> (0x000000008d383258) 
thrown [s\open\src\hotspot\share\interpreter\linkResolver.cpp, line 826]
Event: 2.630 Thread 0x00000292ab855f60 Exception <a 'java/lang/NoSuchMethodError'{0x000000008d3b55e8}: 'int java.lang.invoke.DirectMethodHandle$Holder.invokeSpecial(java.lang.Object, java.lang.Object, int)'> (0x000000008d3b55e8) 
thrown [s\open\src\hotspot\share\interpreter\linkResolver.cpp, line 759]
Event: 2.631 Thread 0x00000292ab855f60 Exception <a 'java/lang/NoSuchMethodError'{0x000000008d3c2db8}: 'void java.lang.invoke.DirectMethodHandle$Holder.invokeVirtual(java.lang.Object, java.lang.Object, int)'> (0x000000008d3c2db8) 
thrown [s\open\src\hotspot\share\interpreter\linkResolver.cpp, line 759]
Event: 2.632 Thread 0x00000292ab855f60 Exception <a 'java/lang/NoSuchMethodError'{0x000000008d3c8fa0}: 'void java.lang.invoke.DirectMethodHandle$Holder.invokeStatic(java.lang.Object, java.lang.Object, java.lang.Object, int, java.lang.Object)'> (0x000000008d3c8fa0) 
thrown [s\open\src\hotspot\share\interpreter\linkResolver.cpp, line 759]
Event: 2.632 Thread 0x00000292ab855f60 Exception <a 'java/lang/NoSuchMethodError'{0x000000008d3d0400}: 'java.lang.Object java.lang.invoke.DirectMethodHandle$Holder.newInvokeSpecial(java.lang.Object, java.lang.Object, java.lang.Object, int)'> (0x000000008d3d0400) 
thrown [s\open\src\hotspot\share\interpreter\linkResolver.cpp, line 759]
Event: 2.632 Thread 0x00000292ab855f60 Exception <a 'java/lang/NoSuchMethodError'{0x000000008d3d46e8}: 'java.lang.Object java.lang.invoke.DirectMethodHandle$Holder.invokeSpecial(java.lang.Object, java.lang.Object, java.lang.Object, java.lang.Object, int)'> (0x000000008d3d46e8) 
thrown [s\open\src\hotspot\share\interpreter\linkResolver.cpp, line 759]
Event: 2.632 Thread 0x00000292ab855f60 Exception <a 'java/lang/NoSuchMethodError'{0x000000008d3d80c0}: 'java.lang.Object java.lang.invoke.Invokers$Holder.linkToTargetMethod(java.lang.Object, java.lang.Object, int, java.lang.Object)'> (0x000000008d3d80c0) 
thrown [s\open\src\hotspot\share\interpreter\linkResolver.cpp, line 759]
Event: 2.638 Thread 0x00000292ab855f60 Exception <a 'java/lang/NoSuchMethodError'{0x000000008aa3ed00}: 'void java.lang.invoke.DirectMethodHandle$Holder.invokeStatic(java.lang.Object, int, java.lang.Object)'> (0x000000008aa3ed00) 
thrown [s\open\src\hotspot\share\interpreter\linkResolver.cpp, line 759]
Event: 2.737 Thread 0x00000292ff339610 Exception <a 'java/lang/reflect/InvocationTargetException'{0x000000008a659250}> (0x000000008a659250) 
thrown [s\open\src\hotspot\share\runtime\reflection.cpp, line 1121]
Event: 2.870 Thread 0x00000292ab855f60 Exception <a 'java/io/FileNotFoundException'{0x0000000087dd2b88}> (0x0000000087dd2b88) 
thrown [s\open\src\hotspot\share\prims\jni.cpp, line 516]
Event: 2.939 Thread 0x00000292ab855f60 Exception <a 'java/lang/NoSuchMethodError'{0x0000000087a3ef40}: 'int java.lang.invoke.DirectMethodHandle$Holder.invokeInterface(java.lang.Object, java.lang.Object, java.lang.Object, java.lang.Object)'> (0x0000000087a3ef40) 
thrown [s\open\src\hotspot\share\interpreter\linkResolver.cpp, line 759]
Event: 2.998 Thread 0x00000292ab855f60 Exception <a 'java/lang/NoSuchMethodError'{0x000000008787b8b8}: 'long java.lang.invoke.DirectMethodHandle$Holder.invokeVirtual(java.lang.Object, java.lang.Object)'> (0x000000008787b8b8) 
thrown [s\open\src\hotspot\share\interpreter\linkResolver.cpp, line 759]
Event: 3.031 Thread 0x00000292ab855f60 Exception <a 'java/lang/NoSuchMethodError'{0x00000000877c6200}: 'void java.lang.invoke.DirectMethodHandle$Holder.invokeVirtual(java.lang.Object, java.lang.Object, long)'> (0x00000000877c6200) 
thrown [s\open\src\hotspot\share\interpreter\linkResolver.cpp, line 759]

VM Operations (20 events):
Event: 2.288 Executing VM operation: HandshakeAllThreads done
Event: 2.372 Executing VM operation: G1CollectForAllocation
Event: 2.376 Executing VM operation: G1CollectForAllocation done
Event: 2.459 Executing VM operation: HandshakeAllThreads
Event: 2.460 Executing VM operation: HandshakeAllThreads done
Event: 2.616 Executing VM operation: G1CollectForAllocation
Event: 2.622 Executing VM operation: G1CollectForAllocation done
Event: 2.815 Executing VM operation: HandshakeAllThreads
Event: 2.815 Executing VM operation: HandshakeAllThreads done
Event: 2.860 Executing VM operation: HandshakeAllThreads
Event: 2.860 Executing VM operation: HandshakeAllThreads done
Event: 2.899 Executing VM operation: HandshakeAllThreads
Event: 2.900 Executing VM operation: HandshakeAllThreads done
Event: 2.963 Executing VM operation: HandshakeAllThreads
Event: 2.963 Executing VM operation: HandshakeAllThreads done
Event: 3.005 Executing VM operation: HandshakeAllThreads
Event: 3.005 Executing VM operation: HandshakeAllThreads done
Event: 3.070 Executing VM operation: HandshakeAllThreads
Event: 3.070 Executing VM operation: HandshakeAllThreads done
Event: 3.073 Executing VM operation: G1CollectForAllocation

Events (20 events):
Event: 2.968 loading class java/util/stream/SortedOps$SizedRefSortingSink
Event: 2.968 loading class java/util/stream/SortedOps$SizedRefSortingSink done
Event: 2.982 loading class javax/net/ssl/SSLException
Event: 2.982 loading class javax/net/ssl/SSLException done
Event: 2.982 loading class java/io/EOFException
Event: 2.982 loading class java/io/EOFException done
Event: 2.998 loading class java/nio/channels/CompletionHandler
Event: 2.998 loading class java/nio/channels/CompletionHandler done
Event: 3.013 Thread 0x00000292841760f0 Thread added: 0x00000292841760f0
Event: 3.015 Thread 0x0000029284e9a590 Thread added: 0x0000029284e9a590
Event: 3.020 Thread 0x0000029284e9aa60 Thread added: 0x0000029284e9aa60
Event: 3.032 loading class java/util/concurrent/CompletableFuture
Event: 3.032 loading class java/util/concurrent/CompletionStage
Event: 3.032 loading class java/util/concurrent/CompletionStage done
Event: 3.032 loading class java/util/concurrent/CompletableFuture done
Event: 3.069 loading class java/util/concurrent/Executors$FinalizableDelegatedExecutorService
Event: 3.069 loading class java/util/concurrent/Executors$DelegatedExecutorService
Event: 3.070 loading class java/util/concurrent/Executors$DelegatedExecutorService done
Event: 3.070 loading class java/util/concurrent/Executors$FinalizableDelegatedExecutorService done
Event: 3.071 Thread 0x0000029284e97570 Thread added: 0x0000029284e97570


Dynamic libraries:
0x00007ff68abb0000 - 0x00007ff68abc0000 	C:\Program Files\Java\jdk-17.0.20.1\bin\java.exe
0x00007ffd9faa0000 - 0x00007ffd9fd07000 	C:\WINDOWS\SYSTEM32\ntdll.dll
0x00007ffd751b0000 - 0x00007ffd751d1000 	C:\Program Files\Avast Software\Avast\aswhook.dll
0x00007ffd9dd50000 - 0x00007ffd9de1b000 	C:\WINDOWS\System32\KERNEL32.DLL
0x00007ffd9d140000 - 0x00007ffd9d542000 	C:\WINDOWS\System32\KERNELBASE.dll
0x00007ffd9cca0000 - 0x00007ffd9cdec000 	C:\WINDOWS\System32\ucrtbase.dll
0x00007ffd946a0000 - 0x00007ffd946be000 	C:\Program Files\Java\jdk-17.0.20.1\bin\VCRUNTIME140.dll
0x00007ffd946c0000 - 0x00007ffd946d9000 	C:\Program Files\Java\jdk-17.0.20.1\bin\jli.dll
0x00007ffd9de30000 - 0x00007ffd9deec000 	C:\WINDOWS\System32\ADVAPI32.dll
0x00007ffd9dc20000 - 0x00007ffd9dcc9000 	C:\WINDOWS\System32\msvcrt.dll
0x00007ffd9e3a0000 - 0x00007ffd9e449000 	C:\WINDOWS\System32\sechost.dll
0x00007ffd9f350000 - 0x00007ffd9f468000 	C:\WINDOWS\System32\RPCRT4.dll
0x00007ffd9df00000 - 0x00007ffd9e0cf000 	C:\WINDOWS\System32\USER32.dll
0x00007ffd9d6e0000 - 0x00007ffd9d707000 	C:\WINDOWS\System32\win32u.dll
0x00007ffd76b60000 - 0x00007ffd76df0000 	C:\WINDOWS\WinSxS\amd64_microsoft.windows.common-controls_6595b64144ccf1df_6.0.26100.9278_none_3e0d1ba8e3303201\COMCTL32.dll
0x00007ffd9d9c0000 - 0x00007ffd9d9eb000 	C:\WINDOWS\System32\GDI32.dll
0x00007ffd9ce00000 - 0x00007ffd9cf29000 	C:\WINDOWS\System32\gdi32full.dll
0x00007ffd9d710000 - 0x00007ffd9d7b3000 	C:\WINDOWS\System32\msvcp_win.dll
0x00007ffd88d10000 - 0x00007ffd88d1b000 	C:\WINDOWS\SYSTEM32\VERSION.dll
0x00007ffd9f120000 - 0x00007ffd9f151000 	C:\WINDOWS\System32\IMM32.DLL
0x00007ffd94690000 - 0x00007ffd9469c000 	C:\Program Files\Java\jdk-17.0.20.1\bin\vcruntime140_1.dll
0x00007ffd835f0000 - 0x00007ffd8367d000 	C:\Program Files\Java\jdk-17.0.20.1\bin\msvcp140.dll
0x00007ffccc620000 - 0x00007ffccd205000 	C:\Program Files\Java\jdk-17.0.20.1\bin\server\jvm.dll
0x00007ffd9e320000 - 0x00007ffd9e328000 	C:\WINDOWS\System32\PSAPI.DLL
0x00007ffd948b0000 - 0x00007ffd948e6000 	C:\WINDOWS\SYSTEM32\WINMM.dll
0x00007ffd802f0000 - 0x00007ffd802fa000 	C:\WINDOWS\SYSTEM32\WSOCK32.dll
0x00007ffd9efb0000 - 0x00007ffd9f030000 	C:\WINDOWS\System32\ws2_32.DLL
0x00007ffd9b930000 - 0x00007ffd9b94b000 	C:\WINDOWS\SYSTEM32\kernel.appcore.dll
0x00007ffd94680000 - 0x00007ffd9468a000 	C:\Program Files\Java\jdk-17.0.20.1\bin\jimage.dll
0x00007ffd9a380000 - 0x00007ffd9a5cc000 	C:\WINDOWS\SYSTEM32\DBGHELP.DLL
0x00007ffd9e480000 - 0x00007ffd9e805000 	C:\WINDOWS\System32\combase.dll
0x00007ffd9f040000 - 0x00007ffd9f119000 	C:\WINDOWS\System32\OLEAUT32.dll
0x00007ffd88cd0000 - 0x00007ffd88d0b000 	C:\WINDOWS\SYSTEM32\dbgcore.DLL
0x00007ffd9cf30000 - 0x00007ffd9cfdc000 	C:\WINDOWS\System32\bcryptPrimitives.dll
0x00007ffd96c60000 - 0x00007ffd96c6f000 	C:\Program Files\Java\jdk-17.0.20.1\bin\instrument.dll
0x00007ffd8a360000 - 0x00007ffd8a386000 	C:\Program Files\Java\jdk-17.0.20.1\bin\java.dll
0x00007ffd4e9b0000 - 0x00007ffd4ea87000 	C:\Program Files\Java\jdk-17.0.20.1\bin\jsvml.dll
0x00007ffd9e810000 - 0x00007ffd9efa8000 	C:\WINDOWS\System32\SHELL32.dll
0x00007ffd9a5e0000 - 0x00007ffd9ae8e000 	C:\WINDOWS\SYSTEM32\windows.storage.dll
0x00007ffd9d7e0000 - 0x00007ffd9d8db000 	C:\WINDOWS\System32\SHCORE.dll
0x00007ffd9e330000 - 0x00007ffd9e396000 	C:\WINDOWS\System32\shlwapi.dll
0x00007ffd9cbc0000 - 0x00007ffd9cbe9000 	C:\WINDOWS\SYSTEM32\profapi.dll
0x00007ffd8a470000 - 0x00007ffd8a488000 	C:\Program Files\Java\jdk-17.0.20.1\bin\zip.dll
0x00007ffd94530000 - 0x00007ffd9454b000 	C:\Program Files\Java\jdk-17.0.20.1\bin\net.dll
0x00007ffd930a0000 - 0x00007ffd931ca000 	C:\WINDOWS\SYSTEM32\WINHTTP.dll
0x00007ffd9bee0000 - 0x00007ffd9bf4c000 	C:\WINDOWS\system32\mswsock.dll
0x00007ffd8b400000 - 0x00007ffd8b416000 	C:\Program Files\Java\jdk-17.0.20.1\bin\nio.dll
0x00007ffd9b370000 - 0x00007ffd9b4c8000 	C:\WINDOWS\SYSTEM32\DNSAPI.dll
0x00007ffd9bd00000 - 0x00007ffd9bd0d000 	C:\WINDOWS\SYSTEM32\DSPARSE.dll
0x00007ffd9b2e0000 - 0x00007ffd9b313000 	C:\WINDOWS\SYSTEM32\IPHLPAPI.DLL
0x00007ffd9de20000 - 0x00007ffd9de2a000 	C:\WINDOWS\System32\NSI.dll
0x00007ffd915d0000 - 0x00007ffd915db000 	C:\Windows\System32\rasadhlp.dll
0x00007ffd93610000 - 0x00007ffd93696000 	C:\WINDOWS\System32\fwpuclnt.dll
0x00007ffd94610000 - 0x00007ffd9461a000 	C:\Program Files\Java\jdk-17.0.20.1\bin\management.dll
0x00007ffd90fa0000 - 0x00007ffd90fac000 	C:\Program Files\Java\jdk-17.0.20.1\bin\management_ext.dll
0x00007ffd9c1a0000 - 0x00007ffd9c1bb000 	C:\WINDOWS\SYSTEM32\CRYPTSP.dll
0x00007ffd9b890000 - 0x00007ffd9b8c9000 	C:\WINDOWS\system32\rsaenh.dll
0x00007ffd9bf90000 - 0x00007ffd9bfc4000 	C:\WINDOWS\SYSTEM32\USERENV.dll
0x00007ffd9cb90000 - 0x00007ffd9cbba000 	C:\WINDOWS\SYSTEM32\bcrypt.dll
0x00007ffd9c180000 - 0x00007ffd9c18c000 	C:\WINDOWS\SYSTEM32\CRYPTBASE.dll
0x00007ffd93430000 - 0x00007ffd9344d000 	C:\WINDOWS\SYSTEM32\dhcpcsvc6.DLL
0x00007ffd93400000 - 0x00007ffd93425000 	C:\WINDOWS\SYSTEM32\dhcpcsvc.DLL
0x00000292a9810000 - 0x00000292a9828000 	C:\WINDOWS\system32\napinsp.dll
0x00007ffd5fb60000 - 0x00007ffd5fb73000 	C:\WINDOWS\System32\winrnr.dll
0x00007ffd5fb30000 - 0x00007ffd5fb57000 	C:\WINDOWS\system32\nlansp_c.dll
0x00007ffd5fb10000 - 0x00007ffd5fb26000 	C:\WINDOWS\system32\wshbth.dll
0x00007ffd6b180000 - 0x00007ffd6b1d8000 	C:\WINDOWS\SYSTEM32\pdh.dll
0x00007ffd63b90000 - 0x00007ffd63ba2000 	C:\WINDOWS\System32\perfproc.dll
0x00007ffd62fb0000 - 0x00007ffd62fc1000 	C:\WINDOWS\System32\perfos.dll
0x00007ffd9afa0000 - 0x00007ffd9afb2000 	C:\WINDOWS\SYSTEM32\pfclient.dll
0x00007ffd848b0000 - 0x00007ffd848be000 	C:\Program Files\Java\jdk-17.0.20.1\bin\sunmscapi.dll
0x00007ffd9d550000 - 0x00007ffd9d6ce000 	C:\WINDOWS\System32\CRYPT32.dll
0x00007ffd9c460000 - 0x00007ffd9c490000 	C:\WINDOWS\SYSTEM32\ncrypt.dll
0x00007ffd9c410000 - 0x00007ffd9c44f000 	C:\WINDOWS\SYSTEM32\NTASN1.dll

dbghelp: loaded successfully - version: 4.0.5 - missing functions: none
symbol engine: initialized successfully - sym options: 0x614 - pdb path: .;C:\Program Files\Java\jdk-17.0.20.1\bin;C:\WINDOWS\SYSTEM32;C:\Program Files\Avast Software\Avast;C:\WINDOWS\WinSxS\amd64_microsoft.windows.common-controls_6595b64144ccf1df_6.0.26100.9278_none_3e0d1ba8e3303201;C:\Program Files\Java\jdk-17.0.20.1\bin\server

VM Arguments:
jvm_args: -XX:TieredStopAtLevel=1 -Dspring.output.ansi.enabled=always -Dcom.sun.management.jmxremote -Dspring.jmx.enabled=true -Dspring.liveBeansView.mbeanDomain -Dspring.application.admin.enabled=true -Dmanagement.endpoints.jmx.exposure.include=* -javaagent:D:\IntelliJ IDEA 2026.2.2\IntelliJ IDEA 2026.2.3\lib\idea_rt.jar=62180 -Dfile.encoding=UTF-8 
java_command: com.example.track.TrackApplication
java_class_path (initial): C:\Users\vinok\OneDrive\Desktop\orc\track\target\classes;C:\Users\vinok\.m2\repository\org\springframework\boot\spring-boot-starter-webmvc\4.1.1\spring-boot-starter-webmvc-4.1.1.jar;C:\Users\vinok\.m2\repository\org\springframework\boot\spring-boot-starter\4.1.1\spring-boot-starter-4.1.1.jar;C:\Users\vinok\.m2\repository\org\springframework\boot\spring-boot-starter-logging\4.1.1\spring-boot-starter-logging-4.1.1.jar;C:\Users\vinok\.m2\repository\ch\qos\logback\logback-classic\1.5.38\logback-classic-1.5.38.jar;C:\Users\vinok\.m2\repository\ch\qos\logback\logback-core\1.5.38\logback-core-1.5.38.jar;C:\Users\vinok\.m2\repository\org\apache\logging\log4j\log4j-to-slf4j\2.25.5\log4j-to-slf4j-2.25.5.jar;C:\Users\vinok\.m2\repository\org\apache\logging\log4j\log4j-api\2.25.5\log4j-api-2.25.5.jar;C:\Users\vinok\.m2\repository\org\slf4j\jul-to-slf4j\2.0.18\jul-to-slf4j-2.0.18.jar;C:\Users\vinok\.m2\repository\org\springframework\boot\spring-boot-autoconfigure\4.1.1\spring-boot-autoconfigure-4.1.1.jar;C:\Users\vinok\.m2\repository\jakarta\annotation\jakarta.annotation-api\3.0.0\jakarta.annotation-api-3.0.0.jar;C:\Users\vinok\.m2\repository\org\yaml\snakeyaml\2.6\snakeyaml-2.6.jar;C:\Users\vinok\.m2\repository\org\springframework\boot\spring-boot-starter-jackson\4.1.1\spring-boot-starter-jackson-4.1.1.jar;C:\Users\vinok\.m2\repository\org\springframework\boot\spring-boot-jackson\4.1.1\spring-boot-jackson-4.1.1.jar;C:\Users\vinok\.m2\repository\tools\jackson\core\jackson-databind\3.1.5\jackson-databind-3.1.5.jar;C:\Users\vinok\.m2\repository\com\fasterxml\jackson\core\jackson-annotations\2.21\jackson-annotations-2.21.jar;C:\Users\vinok\.m2\repository\tools\jackson\core\jackson-core\3.1.5\jackson-core-3.1.5.jar;C:\Users\vinok\.m2\repository\org\springframework\boot\spring-boot-starter-tomcat\4.1.1\spring-boot-starter-tomcat-4.1.1.jar;C:\Users\vinok\.m2\repository\org\springframework\boot\spring-boot-starter-tomcat-runtime\4.1.1\spring-boot-starter-to
Launcher Type: SUN_STANDARD

[Global flags]
     intx CICompilerCount                          = 4                                         {product} {ergonomic}
     uint ConcGCThreads                            = 3                                         {product} {ergonomic}
     uint G1ConcRefinementThreads                  = 10                                        {product} {ergonomic}
   size_t G1HeapRegionSize                         = 1048576                                   {product} {ergonomic}
    uintx GCDrainStackTargetSize                   = 64                                        {product} {ergonomic}
   size_t InitialHeapSize                          = 130023424                                 {product} {ergonomic}
     bool ManagementServer                         = true                                      {product} {command line}
   size_t MarkStackSize                            = 4194304                                   {product} {ergonomic}
   size_t MaxHeapSize                              = 2055208960                                {product} {ergonomic}
   size_t MaxNewSize                               = 1233125376                                {product} {ergonomic}
   size_t MinHeapDeltaBytes                        = 1048576                                   {product} {ergonomic}
   size_t MinHeapSize                              = 8388608                                   {product} {ergonomic}
    uintx NonProfiledCodeHeapSize                  = 0                                      {pd product} {ergonomic}
     bool ProfileInterpreter                       = false                                  {pd product} {command line}
    uintx ProfiledCodeHeapSize                     = 0                                      {pd product} {ergonomic}
   size_t SoftMaxHeapSize                          = 2055208960                             {manageable} {ergonomic}
     intx TieredStopAtLevel                        = 1                                         {product} {command line}
     bool UseCompressedClassPointers               = true                           {product lp64_product} {ergonomic}
     bool UseCompressedOops                        = true                           {product lp64_product} {ergonomic}
     bool UseG1GC                                  = true                                      {product} {ergonomic}
     bool UseLargePagesIndividualAllocation        = false                                  {pd product} {ergonomic}

Logging:
Log output configuration:
 #0: stdout all=warning uptime,level,tags
 #1: stderr all=off uptime,level,tags

Environment Variables:
JAVA_HOME=C:\Program Files\Java\jdk-17.0.20.1
PATH=C:\Program Files\Common Files\Oracle\Java\javapath;C:\Program Files (x86)\Common Files\Oracle\Java\java8path;C:\Program Files (x86)\Common Files\Oracle\Java\javapath;C:\windows\system32;C:\windows;C:\windows\System32\Wbem;C:\windows\System32\WindowsPowerShell\v1.0\;C:\windows\System32\OpenSSH\;C:\WINDOWS\system32;C:\WINDOWS;C:\WINDOWS\System32\Wbem;C:\WINDOWS\System32\WindowsPowerShell\v1.0\;C:\WINDOWS\System32\OpenSSH\;C:\Program Files\dotnet\;C:\Program Files\nodejs\;C:\ProgramData\chocolatey\bin;C:\Program Files\Git\cmd;C:\Program Files\Java\jdk-17.0.20.1\bin;C:\Program Files\Apache\apache-maven-3.9.16\bin;C:\Program Files\MySQL\MySQL Shell 8.0\bin\;C:\Users\vinok\AppData\Local\Programs\Python\Python313\Scripts\;C:\Users\vinok\AppData\Local\Programs\Python\Python313\;C:\Users\vinok\AppData\Local\Microsoft\WindowsApps;C:\Users\vinok\AppData\Local\Programs\Microsoft VS Code\bin;C:\Users\vinok\AppData\Roaming\npm;C:\msys64\mingw64\bin;C:\Users\vinok\AppData\Local\Programs\Antigravity IDE\bin;C:\maven-mvnd-1.0.6-windows-amd64\bin;C:\Users\vinok\Downloads\maven-mvnd-1.0.6-windows-amd64\maven-mvnd-1.0.6-windows-amd64\bin;C:\Program Files\MySQL\MySQL Server 8.0\bin;C:\Users\vinok\Downloads\maven-mvnd-1.0.6-windows-amd64\maven-mvnd-1.0.6-windows-amd64\bin;D:\IntelliJ IDEA 2026.2.2\IntelliJ IDEA 2026.2.3\bin
USERNAME=vinok
OS=Windows_NT
PROCESSOR_IDENTIFIER=Intel64 Family 6 Model 186 Stepping 3, GenuineIntel



---------------  S Y S T E M  ---------------

OS:
 Windows 11 , 64 bit Build 26100 (10.0.26100.9444)
OS uptime: 5 days 1:42 hours
Hyper-V role detected

CPU: total 12 (initial active 12) (6 cores per cpu, 2 threads per core) family 6 model 186 stepping 3 microcode 0x6134, cx8, cmov, fxsr, ht, mmx, 3dnowpref, sse, sse2, sse3, ssse3, sse4.1, sse4.2, popcnt, lzcnt, tsc, tscinvbit, avx, avx2, aes, erms, clmul, bmi1, bmi2, adx, sha, fma, vzeroupper, clflush, clflushopt, clwb, hv

Memory: 4k page, system-wide physical 7835M (245M free)
TotalPageFile size 19489M (AvailPageFile size 10M)
current process WorkingSet (physical memory assigned to process): 150M, peak: 150M
current process commit charge ("private bytes"): 230M, peak: 254M

vm_info: Java HotSpot(TM) 64-Bit Server VM (17.0.20.1+1-LTS-4) for windows-amd64 JRE (17.0.20.1+1-LTS-4), built on Jul 15 2026 19:47:06 by "mach5run" with MS VC++ 17.13 (VS2022)

END.
